Removed Pin From Net: NetName=NetAVR1_1 Pin=AVR1-1
Removed Pin From Net: NetName=NetAVR2_1 Pin=AVR2-1
Removed Member From Class: ClassName=Team_Upsilon_Prj2_smain_sch Member=AVR1
Removed Member From Class: ClassName=Team_Upsilon_Prj2_smain_sch Member=AVR2
Removed Member From Class: ClassName=Team_Upsilon_Prj2_smain_sch Member=AVR3
Added Component: Designator=AVR(61300621121)
Add component (AddParameter): Name = "Color"; Value = "Black"; VariantName = "[No Variations]"
Add component (AddParameter): Name = "Connector Type"; Value = "Male Pin"; VariantName = "[No Variations]"
Add component (AddParameter): Name = "Contact Material"; Value = "Copper"; VariantName = "[No Variations]"
Add component (AddParameter): Name = "Contact Mating Length"; Value = "5.9944mm"; VariantName = "[No Variations]"
Add component (AddParameter): Name = "Contact Plating"; Value = "Gold"; VariantName = "[No Variations]"
Add component (AddParameter): Name = "Contact Resistance"; Value = "20mO"; VariantName = "[No Variations]"
Add component (AddParameter): Name = "Current Rating"; Value = "3A"; VariantName = "[No Variations]"
Add component (AddParameter): Name = "Gender"; Value = "Male"; VariantName = "[No Variations]"
Add component (AddParameter): Name = "Height"; Value = "8.89mm"; VariantName = "[No Variations]"
Add component (AddParameter): Name = "Lead Pitch"; Value = "2.54mm"; VariantName = "[No Variations]"
Add component (AddParameter): Name = "Max Operating Temperature"; Value = "105°C"; VariantName = "[No Variations]"
Add component (AddParameter): Name = "Min Operating Temperature"; Value = "-40°C"; VariantName = "[No Variations]"
Add component (AddParameter): Name = "Mount"; Value = "Through Hole"; VariantName = "[No Variations]"
Add component (AddParameter): Name = "NexarPartId"; Value = "32855529"; VariantName = "[No Variations]"
Add component (AddParameter): Name = "Number of Contacts"; Value = "6"; VariantName = "[No Variations]"
Add component (AddParameter): Name = "Number of Pins"; Value = "6"; VariantName = "[No Variations]"
Add component (AddParameter): Name = "Number of Positions"; Value = "6"; VariantName = "[No Variations]"
Add component (AddParameter): Name = "Number of Rows"; Value = "2"; VariantName = "[No Variations]"
Add component (AddParameter): Name = "Operating Supply Voltage"; Value = "250V"; VariantName = "[No Variations]"
Add component (AddParameter): Name = "Orientation"; Value = "Vertical"; VariantName = "[No Variations]"
Add component (AddParameter): Name = "Packaging"; Value = "Bulk"; VariantName = "[No Variations]"
Add component (AddParameter): Name = "Pitch"; Value = "2.54mm"; VariantName = "[No Variations]"
Add component (AddParameter): Name = "REACH SVHC"; Value = "Unknown"; VariantName = "[No Variations]"
Add component (AddParameter): Name = "RoHS"; Value = "Compliant"; VariantName = "[No Variations]"
Add component (AddParameter): Name = "Row Spacing"; Value = "2.54mm"; VariantName = "[No Variations]"
Add component (AddParameter): Name = "Termination"; Value = "Solder"; VariantName = "[No Variations]"
Add component (AddParameter): Name = "Voltage Rating"; Value = "250V"; VariantName = "[No Variations]"
Added Pin To Net: NetName=NetAVR1_1 Pin=AVR-1
Added Pin To Net: NetName=NetAVR2_1 Pin=AVR-3
Change Net Name : Old Net Name=NetAVR1_1 New Net Name=NetAVR_1
Change Net Name : Old Net Name=NetAVR2_1 New Net Name=NetAVR_3
Added Pin To Net: NetName=NetAVR_2 Pin=AVR-2
Added Pin To Net: NetName=NetAVR_2 Pin=MC-17
Added Net: Name=NetAVR_2
Added Pin To Net: NetName=NetAVR_4 Pin=AVR-4
Added Pin To Net: NetName=NetAVR_4 Pin=Decoder2-7
Added Pin To Net: NetName=NetAVR_4 Pin=MC-18
Added Net: Name=NetAVR_4
Added Pin To Net: NetName=NetAVR_5 Pin=AVR-5
Added Pin To Net: NetName=NetAVR_5 Pin=MC-19
Added Net: Name=NetAVR_5
Added Pin To Net: NetName=NetAVR_6 Pin=AVR-6
Added Pin To Net: NetName=NetAVR_6 Pin=MC-1
Added Net: Name=NetAVR_6
Added Member To Class: ClassName=Team_Upsilon_Prj2_smain_sch Member=Component AVR 61300621121
