Change Component Designator: OldDesignator=2A,1B_disp1 NewDesignator=DS1AB
Change Component Designator: OldDesignator=2A,1B_disp2 NewDesignator=DS2AB
Change Component Designator: OldDesignator=2C,1D_disp1 NewDesignator=DS1CD
Change Component Designator: OldDesignator=2C,1D_disp2 NewDesignator=DS2CD
Change Component Designator: OldDesignator=2E,1F_disp1 NewDesignator=DS1EF
Change Component Designator: OldDesignator=2E,1F_disp2 NewDesignator=DS2EF
Change Component Designator: OldDesignator=2G,1DP_disp1 NewDesignator=DS1G
Change Component Designator: OldDesignator=2G,1DP_disp2 NewDesignator=DS2G
Change Net Name : Old Net Name=Net2A,1B_disp1_1 New Net Name=NetDS1_6
Change Net Name : Old Net Name=Net2A,1B_disp1_2 New Net Name=NetDS1_7
Change Net Name : Old Net Name=Net2A,1B_disp2_1 New Net Name=NetDS2_6
Change Net Name : Old Net Name=Net2A,1B_disp2_2 New Net Name=NetDS2_7
Change Net Name : Old Net Name=Net2C,1D_disp1_1 New Net Name=NetDS1_2
Change Net Name : Old Net Name=Net2C,1D_disp1_2 New Net Name=NetDS1_4
Change Net Name : Old Net Name=Net2C,1D_disp2_1 New Net Name=NetDS2_2
Change Net Name : Old Net Name=Net2C,1D_disp2_2 New Net Name=NetDS2_4
Change Net Name : Old Net Name=Net2E,1F_disp1_1 New Net Name=NetDS1_9
Change Net Name : Old Net Name=Net2E,1F_disp1_2 New Net Name=NetDS1_1
Change Net Name : Old Net Name=Net2E,1F_disp2_1 New Net Name=NetDS2_9
Change Net Name : Old Net Name=Net2E,1F_disp2_2 New Net Name=NetDS2_1
Change Net Name : Old Net Name=Net2G,1DP_disp1_2 New Net Name=NetDS1_10
Change Net Name : Old Net Name=Net2G,1DP_disp2_2 New Net Name=NetDS2_10
